#
# There is insufficient memory for the Java Runtime Environment to continue.
# Native memory allocation (malloc) failed to allocate 2432496 bytes. Error detail: Chunk::new
# Possible reasons:
#   The system is out of physical RAM or swap space
#   This process is running with CompressedOops enabled, and the Java Heap may be blocking the growth of the native heap
# Possible solutions:
#   Reduce memory load on the system
#   Increase physical memory or swap space
#   Check if swap backing store is full
#   Decrease Java heap size (-Xmx/-Xms)
#   Decrease number of Java threads
#   Decrease Java thread stack sizes (-Xss)
#   Set larger code cache with -XX:ReservedCodeCacheSize=
#   JVM is running with Unscaled Compressed Oops mode in which the Java heap is
#     placed in the first 4GB address space. The Java Heap base address is the
#     maximum limit for the native heap growth. Please use -XX:HeapBaseMinAddress
#     to set the Java Heap base and to place the Java Heap above 4GB virtual address.
# This output file may be truncated or incomplete.
#
#  Out of Memory Error (arena.cpp:168), pid=18284, tid=376
#
# JRE version: OpenJDK Runtime Environment Temurin-21.0.12.1+1 (21.0.12.1+1) (build 21.0.12.1+1-LTS)
# Java VM: OpenJDK 64-Bit Server VM Temurin-21.0.12.1+1 (21.0.12.1+1-LTS, mixed mode, sharing, tiered, compressed oops, compressed class ptrs, parallel gc, windows-amd64)
# No core dump will be written. Minidumps are not enabled by default on client versions of Windows
#

---------------  S U M M A R Y ------------

Command Line: --add-modules=ALL-SYSTEM --add-opens=java.base/java.util=ALL-UNNAMED --add-opens=java.base/java.lang=ALL-UNNAMED --add-opens=java.base/sun.nio.fs=ALL-UNNAMED -Declipse.application=org.eclipse.jdt.ls.core.id1 -Dosgi.bundles.defaultStartLevel=4 -Declipse.product=org.eclipse.jdt.ls.core.product -Djava.import.generatesMetadataFilesAtProjectRoot=false -Dm2e.project.cache.size=50 -DDetectVMInstallationsJob.disabled=true -Dfile.encoding=utf8 -XX:+UseParallelGC -XX:GCTimeRatio=4 -XX:AdaptiveSizePolicyWeight=90 -Dsun.zip.disableMemoryMapping=true -Xmx2G -Xms100m -Xlog:disable -javaagent:c:\Users\Admin\.vscode\extensions\redhat.java-1.56.0-win32-x64\lombok\lombok-1.18.39-4050.jar -XX:+HeapDumpOnOutOfMemoryError -XX:HeapDumpPath=c:\Users\Admin\AppData\Roaming\Code\User\workspaceStorage\a2e3180be73fd6a36db750b1ea438555\redhat.java -Daether.dependencyCollector.impl=bf c:\Users\Admin\.vscode\extensions\redhat.java-1.56.0-win32-x64\server\plugins\org.eclipse.equinox.launcher_1.8.0.v20260804-1928.jar -configuration c:\Users\Admin\AppData\Roaming\Code\User\globalStorage\redhat.java\1.56.0\config_win -data c:\Users\Admin\AppData\Roaming\Code\User\workspaceStorage\a2e3180be73fd6a36db750b1ea438555\redhat.java\jdt_ws --pipe=\\.\pipe\lsp-4f91eae286f22d5c6e6439b433eb3d2b-sock

Host: AMD Ryzen 7 5800H with Radeon Graphics         , 16 cores, 15G,  Windows 11 , 64 bit Build 26100 (10.0.26100.9444)
Time: Sun Oct  4 17:45:05 2026 SE Asia Standard Time elapsed time: 25.993278 seconds (0d 0h 0m 25s)

---------------  T H R E A D  ---------------

Current thread (0x00000219722332f0):  JavaThread "C2 CompilerThread7" daemon [_thread_in_native, id=376, stack(0x00000060ed700000,0x00000060ed800000) (1024K)]


Current CompileTask:
C2:25993 17612   !   4       lombok.eclipse.agent.PatchExtensionMethod::resolveType (870 bytes)

Stack: [0x00000060ed700000,0x00000060ed800000]
Native frames: (J=compiled Java code, j=interpreted, Vv=VM code, C=native code)
V  [jvm.dll+0x6d83e9]
V  [jvm.dll+0x8b5736]
V  [jvm.dll+0x8b7cee]
V  [jvm.dll+0x8b83d3]
V  [jvm.dll+0x284596]
V  [jvm.dll+0xc685d]
V  [jvm.dll+0xc6da1]
V  [jvm.dll+0x2fb5ae]
V  [jvm.dll+0x5fee94]
V  [jvm.dll+0x255d67]
V  [jvm.dll+0x25612d]
V  [jvm.dll+0x24e6a0]
V  [jvm.dll+0x24bbe6]
V  [jvm.dll+0x1cb4ae]
V  [jvm.dll+0x25baad]
V  [jvm.dll+0x25a03a]
V  [jvm.dll+0x3f8aae]
V  [jvm.dll+0x8600cd]
V  [jvm.dll+0x6d6c1d]
C  [ucrtbase.dll+0x2cd30]
C  [KERNEL32.DLL+0x2cd87]
C  [ntdll.dll+0xacaec]


---------------  P R O C E S S  ---------------

Threads class SMR info:
_java_thread_list=0x0000021964cf86c0, length=90, elements={
0x000002190bbacdb0, 0x000002190bc4ffa0, 0x000002190bc53070, 0x000002190bc56830,
0x000002190bc57710, 0x000002190bc5b880, 0x000002190bc63f10, 0x000002190bc6c4e0,
0x0000021964a36af0, 0x0000021964d70c20, 0x0000021966348530, 0x00000219668ffc20,
0x00000219668fc7a0, 0x00000219668fe1e0, 0x00000219668ff590, 0x00000219668fce30,
0x00000219668fd4c0, 0x00000219668fe870, 0x00000219668fef00, 0x000002196bb97330,
0x000002196bb94bd0, 0x000002196bb95f80, 0x000002196bb958f0, 0x000002196bb986e0,
0x000002196bb96ca0, 0x000002196bb95260, 0x000002196bb98d70, 0x000002196bb96610,
0x000002196bb9b4d0, 0x000002196bb9a7b0, 0x000002196bb9ae40, 0x000002196bb9bb60,
0x000002196bb9c1f0, 0x000002196bb99400, 0x000002196bb99a90, 0x000002196bb9a120,
0x000002196c87a910, 0x000002196c87d070, 0x000002196c879bf0, 0x000002196c87b630,
0x000002196c87c350, 0x000002196c87bcc0, 0x000002196c87d700, 0x000002196c87a280,
0x000002196c87e420, 0x000002196c87eab0, 0x000002196c47e5d0, 0x000002196c4820e0,
0x000002196c484840, 0x000002196c482e00, 0x000002196c485560, 0x000002196c483490,
0x000002196c483b20, 0x000002196c4841b0, 0x000002196c484ed0, 0x000002196c8804f0,
0x000002196c881210, 0x000002196fcb26a0, 0x000002196fcb40e0, 0x000002196fcb2d30,
0x000002196fcb4770, 0x000002196fcb3a50, 0x000002196fcb12f0, 0x000002196fcb33c0,
0x000002196fcb4e00, 0x000002196fcb6840, 0x000002196fcb5b20, 0x000002196fcb6ed0,
0x000002196fcb7560, 0x000002196d5f5ee0, 0x000002196d5f5850, 0x000002196d5f6570,
0x000002196d5f6c00, 0x000002196d5f3780, 0x000002196d5f3e10, 0x000002196d5f7920,
0x000002196d5f4b30, 0x000002196d5f7290, 0x000002196d5f44a0, 0x000002196d5f7fb0,
0x0000021972230a10, 0x000002196c8e87c0, 0x000002197222e800, 0x0000021972232550,
0x000002197222eed0, 0x0000021972232c20, 0x000002197222f5a0, 0x00000219722332f0,
0x0000021972234e30, 0x00000219722339c0
}

Java Threads: ( => current thread )
  0x000002190bbacdb0 JavaThread "main"                              [_thread_blocked, id=2860, stack(0x00000060e9400000,0x00000060e9500000) (1024K)]
  0x000002190bc4ffa0 JavaThread "Reference Handler"          daemon [_thread_blocked, id=9072, stack(0x00000060e9800000,0x00000060e9900000) (1024K)]
  0x000002190bc53070 JavaThread "Finalizer"                  daemon [_thread_blocked, id=24348, stack(0x00000060e9900000,0x00000060e9a00000) (1024K)]
  0x000002190bc56830 JavaThread "Signal Dispatcher"          daemon [_thread_blocked, id=17108, stack(0x00000060e9a00000,0x00000060e9b00000) (1024K)]
  0x000002190bc57710 JavaThread "Attach Listener"            daemon [_thread_blocked, id=23804, stack(0x00000060e9b00000,0x00000060e9c00000) (1024K)]
  0x000002190bc5b880 JavaThread "Service Thread"             daemon [_thread_blocked, id=24352, stack(0x00000060e9c00000,0x00000060e9d00000) (1024K)]
  0x000002190bc63f10 JavaThread "Monitor Deflation Thread"   daemon [_thread_blocked, id=20508, stack(0x00000060e9d00000,0x00000060e9e00000) (1024K)]
  0x000002190bc6c4e0 JavaThread "C2 CompilerThread0"         daemon [_thread_in_native, id=23796, stack(0x00000060e9e00000,0x00000060e9f00000) (1024K)]
  0x0000021964a36af0 JavaThread "C1 CompilerThread0"         daemon [_thread_blocked, id=25316, stack(0x00000060e9f00000,0x00000060ea000000) (1024K)]
  0x0000021964d70c20 JavaThread "Common-Cleaner"             daemon [_thread_blocked, id=11468, stack(0x00000060ea300000,0x00000060ea400000) (1024K)]
  0x0000021966348530 JavaThread "Notification Thread"        daemon [_thread_blocked, id=17040, stack(0x00000060ea500000,0x00000060ea600000) (1024K)]
  0x00000219668ffc20 JavaThread "Active Thread: Equinox Container: 05cdffdf-1956-48ea-a8b1-52e2b4b4e3fd"        [_thread_blocked, id=21732, stack(0x00000060eae00000,0x00000060eaf00000) (1024K)]
  0x00000219668fc7a0 JavaThread "Refresh Thread: Equinox Container: 05cdffdf-1956-48ea-a8b1-52e2b4b4e3fd" daemon [_thread_blocked, id=20212, stack(0x00000060eb000000,0x00000060eb100000) (1024K)]
  0x00000219668fe1e0 JavaThread "Framework Event Dispatcher: Equinox Container: 05cdffdf-1956-48ea-a8b1-52e2b4b4e3fd" daemon [_thread_blocked, id=7156, stack(0x00000060eb100000,0x00000060eb200000) (1024K)]
  0x00000219668ff590 JavaThread "Start Level: Equinox Container: 05cdffdf-1956-48ea-a8b1-52e2b4b4e3fd" daemon [_thread_blocked, id=22864, stack(0x00000060eb200000,0x00000060eb300000) (1024K)]
  0x00000219668fce30 JavaThread "Bundle File Closer"         daemon [_thread_blocked, id=21940, stack(0x00000060eb600000,0x00000060eb700000) (1024K)]
  0x00000219668fd4c0 JavaThread "SCR Component Actor"        daemon [_thread_blocked, id=19344, stack(0x00000060ea100000,0x00000060ea200000) (1024K)]
  0x00000219668fe870 JavaThread "Worker-JM"                         [_thread_blocked, id=12172, stack(0x00000060eb700000,0x00000060eb800000) (1024K)]
  0x00000219668fef00 JavaThread "Worker-0"                          [_thread_blocked, id=20592, stack(0x00000060eba00000,0x00000060ebb00000) (1024K)]
  0x000002196bb97330 JavaThread "Worker-1: Java indexing... "        [_thread_blocked, id=2460, stack(0x00000060ebb00000,0x00000060ebc00000) (1024K)]
  0x000002196bb94bd0 JavaThread "Java indexing"              daemon [_thread_in_vm, id=19192, stack(0x00000060ebd00000,0x00000060ebe00000) (1024K)]
  0x000002196bb95f80 JavaThread "JNA Cleaner"                daemon [_thread_blocked, id=14700, stack(0x00000060ebe00000,0x00000060ebf00000) (1024K)]
  0x000002196bb958f0 JavaThread "Worker-2"                          [_thread_blocked, id=24920, stack(0x00000060ec200000,0x00000060ec300000) (1024K)]
  0x000002196bb986e0 JavaThread "Worker-3: Check JDK Index"         [_thread_blocked, id=16608, stack(0x00000060ec300000,0x00000060ec400000) (1024K)]
  0x000002196bb96ca0 JavaThread "Thread-1"                   daemon [_thread_in_native, id=3908, stack(0x00000060ec400000,0x00000060ec500000) (1024K)]
  0x000002196bb95260 JavaThread "Thread-2"                   daemon [_thread_in_native, id=12300, stack(0x00000060ec500000,0x00000060ec600000) (1024K)]
  0x000002196bb98d70 JavaThread "Thread-3"                   daemon [_thread_in_native, id=5388, stack(0x00000060ec600000,0x00000060ec700000) (1024K)]
  0x000002196bb96610 JavaThread "Thread-4"                   daemon [_thread_in_native, id=22492, stack(0x00000060ec700000,0x00000060ec800000) (1024K)]
  0x000002196bb9b4d0 JavaThread "Thread-5"                   daemon [_thread_in_native, id=16872, stack(0x00000060ec800000,0x00000060ec900000) (1024K)]
  0x000002196bb9a7b0 JavaThread "Thread-6"                   daemon [_thread_in_native, id=5356, stack(0x00000060ec900000,0x00000060eca00000) (1024K)]
  0x000002196bb9ae40 JavaThread "Thread-7"                   daemon [_thread_in_native, id=17076, stack(0x00000060eca00000,0x00000060ecb00000) (1024K)]
  0x000002196bb9bb60 JavaThread "Thread-8"                   daemon [_thread_in_native, id=15720, stack(0x00000060ecb00000,0x00000060ecc00000) (1024K)]
  0x000002196bb9c1f0 JavaThread "Thread-9"                   daemon [_thread_in_native, id=9916, stack(0x00000060ecc00000,0x00000060ecd00000) (1024K)]
  0x000002196bb99400 JavaThread "Thread-10"                  daemon [_thread_in_native, id=17508, stack(0x00000060ecd00000,0x00000060ece00000) (1024K)]
  0x000002196bb99a90 JavaThread "Thread-11"                  daemon [_thread_in_native, id=25108, stack(0x00000060ece00000,0x00000060ecf00000) (1024K)]
  0x000002196bb9a120 JavaThread "Thread-12"                  daemon [_thread_in_native, id=18632, stack(0x00000060ecf00000,0x00000060ed000000) (1024K)]
  0x000002196c87a910 JavaThread "Thread-13"                  daemon [_thread_in_native, id=5448, stack(0x00000060ed000000,0x00000060ed100000) (1024K)]
  0x000002196c87d070 JavaThread "Thread-14"                  daemon [_thread_in_native, id=4632, stack(0x00000060ed100000,0x00000060ed200000) (1024K)]
  0x000002196c879bf0 JavaThread "Thread-15"                  daemon [_thread_in_native, id=25532, stack(0x00000060ed200000,0x00000060ed300000) (1024K)]
  0x000002196c87b630 JavaThread "Thread-16"                  daemon [_thread_in_native, id=16808, stack(0x00000060ed300000,0x00000060ed400000) (1024K)]
  0x000002196c87c350 JavaThread "Thread-17"                  daemon [_thread_in_native, id=10652, stack(0x00000060ed400000,0x00000060ed500000) (1024K)]
  0x000002196c87bcc0 JavaThread "pool-2-thread-1"                   [_thread_blocked, id=1128, stack(0x00000060ed500000,0x00000060ed600000) (1024K)]
  0x000002196c87d700 JavaThread "WorkspaceEventsHandler"            [_thread_blocked, id=22920, stack(0x00000060ed800000,0x00000060ed900000) (1024K)]
  0x000002196c87a280 JavaThread "pool-1-thread-1"                   [_thread_blocked, id=17460, stack(0x00000060ed900000,0x00000060eda00000) (1024K)]
  0x000002196c87e420 JavaThread "Worker-4"                          [_thread_blocked, id=23740, stack(0x00000060edd00000,0x00000060ede00000) (1024K)]
  0x000002196c87eab0 JavaThread "Worker-5"                          [_thread_blocked, id=24244, stack(0x00000060ede00000,0x00000060edf00000) (1024K)]
  0x000002196c47e5d0 JavaThread "ForkJoinPool.commonPool-worker-1" daemon [_thread_blocked, id=18404, stack(0x00000060edb00000,0x00000060edc00000) (1024K)]
  0x000002196c4820e0 JavaThread "ForkJoinPool.commonPool-worker-2" daemon [_thread_blocked, id=11644, stack(0x00000060edf00000,0x00000060ee000000) (1024K)]
  0x000002196c484840 JavaThread "ForkJoinPool.commonPool-worker-3" daemon [_thread_blocked, id=14640, stack(0x00000060ee200000,0x00000060ee300000) (1024K)]
  0x000002196c482e00 JavaThread "ForkJoinPool.commonPool-worker-4" daemon [_thread_blocked, id=18460, stack(0x00000060ee300000,0x00000060ee400000) (1024K)]
  0x000002196c485560 JavaThread "ForkJoinPool.commonPool-worker-5" daemon [_thread_blocked, id=21736, stack(0x00000060ee400000,0x00000060ee500000) (1024K)]
  0x000002196c483490 JavaThread "Compiler Source File Reader" daemon [_thread_blocked, id=23684, stack(0x00000060ee000000,0x00000060ee100000) (1024K)]
  0x000002196c483b20 JavaThread "Compiler Source File Reader" daemon [_thread_blocked, id=20408, stack(0x00000060ee500000,0x00000060ee600000) (1024K)]
  0x000002196c4841b0 JavaThread "Compiler Source File Reader" daemon [_thread_blocked, id=6684, stack(0x00000060ee600000,0x00000060ee700000) (1024K)]
  0x000002196c484ed0 JavaThread "Compiler Source File Reader" daemon [_thread_blocked, id=19564, stack(0x00000060ee700000,0x00000060ee800000) (1024K)]
  0x000002196c8804f0 JavaThread "Compiler Source File Reader" daemon [_thread_blocked, id=10368, stack(0x00000060ee800000,0x00000060ee900000) (1024K)]
  0x000002196c881210 JavaThread "Compiler Source File Reader" daemon [_thread_blocked, id=23256, stack(0x00000060ee900000,0x00000060eea00000) (1024K)]
  0x000002196fcb26a0 JavaThread "Compiler Source File Reader" daemon [_thread_blocked, id=16388, stack(0x00000060eea00000,0x00000060eeb00000) (1024K)]
  0x000002196fcb40e0 JavaThread "Compiler Source File Reader" daemon [_thread_blocked, id=4716, stack(0x00000060eeb00000,0x00000060eec00000) (1024K)]
  0x000002196fcb2d30 JavaThread "Compiler Source File Reader" daemon [_thread_blocked, id=25536, stack(0x00000060eec00000,0x00000060eed00000) (1024K)]
  0x000002196fcb4770 JavaThread "Compiler Source File Reader" daemon [_thread_blocked, id=18792, stack(0x00000060eed00000,0x00000060eee00000) (1024K)]
  0x000002196fcb3a50 JavaThread "Compiler Source File Reader" daemon [_thread_blocked, id=2056, stack(0x00000060eee00000,0x00000060eef00000) (1024K)]
  0x000002196fcb12f0 JavaThread "Compiler Source File Reader" daemon [_thread_blocked, id=20912, stack(0x00000060eef00000,0x00000060ef000000) (1024K)]
  0x000002196fcb33c0 JavaThread "Compiler Source File Reader" daemon [_thread_blocked, id=20164, stack(0x00000060ef000000,0x00000060ef100000) (1024K)]
  0x000002196fcb4e00 JavaThread "Compiler Source File Reader" daemon [_thread_blocked, id=20200, stack(0x00000060ef100000,0x00000060ef200000) (1024K)]
  0x000002196fcb6840 JavaThread "Compiler Processing Task"   daemon [_thread_blocked, id=4812, stack(0x00000060ef200000,0x00000060ef300000) (1024K)]
  0x000002196fcb5b20 JavaThread "Compiler Class File Writer" daemon [_thread_blocked, id=19380, stack(0x00000060ef300000,0x00000060ef400000) (1024K)]
  0x000002196fcb6ed0 JavaThread "Compiler Class File Writer" daemon [_thread_blocked, id=21176, stack(0x00000060ef400000,0x00000060ef500000) (1024K)]
  0x000002196fcb7560 JavaThread "Compiler Class File Writer" daemon [_thread_blocked, id=23448, stack(0x00000060ef500000,0x00000060ef600000) (1024K)]
  0x000002196d5f5ee0 JavaThread "Compiler Class File Writer" daemon [_thread_blocked, id=16524, stack(0x00000060ef600000,0x00000060ef700000) (1024K)]
  0x000002196d5f5850 JavaThread "Compiler Class File Writer" daemon [_thread_blocked, id=19908, stack(0x00000060ef700000,0x00000060ef800000) (1024K)]
  0x000002196d5f6570 JavaThread "Compiler Class File Writer" daemon [_thread_blocked, id=19808, stack(0x00000060ef800000,0x00000060ef900000) (1024K)]
  0x000002196d5f6c00 JavaThread "Compiler Class File Writer" daemon [_thread_blocked, id=1996, stack(0x00000060ef900000,0x00000060efa00000) (1024K)]
  0x000002196d5f3780 JavaThread "Compiler Class File Writer" daemon [_thread_blocked, id=14936, stack(0x00000060efa00000,0x00000060efb00000) (1024K)]
  0x000002196d5f3e10 JavaThread "Compiler Class File Writer" daemon [_thread_blocked, id=17192, stack(0x00000060efb00000,0x00000060efc00000) (1024K)]
  0x000002196d5f7920 JavaThread "Compiler Class File Writer" daemon [_thread_blocked, id=12740, stack(0x00000060efc00000,0x00000060efd00000) (1024K)]
  0x000002196d5f4b30 JavaThread "Compiler Class File Writer" daemon [_thread_blocked, id=1724, stack(0x00000060efd00000,0x00000060efe00000) (1024K)]
  0x000002196d5f7290 JavaThread "Compiler Class File Writer" daemon [_thread_blocked, id=7400, stack(0x00000060efe00000,0x00000060eff00000) (1024K)]
  0x000002196d5f44a0 JavaThread "Compiler Class File Writer" daemon [_thread_blocked, id=10488, stack(0x00000060eff00000,0x00000060f0000000) (1024K)]
  0x000002196d5f7fb0 JavaThread "Compiler Class File Writer" daemon [_thread_blocked, id=19332, stack(0x00000060f0000000,0x00000060f0100000) (1024K)]
  0x0000021972230a10 JavaThread "C2 CompilerThread1"         daemon [_thread_blocked, id=23824, stack(0x00000060ea000000,0x00000060ea100000) (1024K)]
  0x000002196c8e87c0 JavaThread "PatternSearchJob-worker-1"  daemon [_thread_blocked, id=20624, stack(0x00000060ea200000,0x00000060ea300000) (1024K)]
  0x000002197222e800 JavaThread "C2 CompilerThread2"         daemon [_thread_in_native, id=420, stack(0x00000060ea400000,0x00000060ea500000) (1024K)]
  0x0000021972232550 JavaThread "C2 CompilerThread3"         daemon [_thread_in_native, id=24732, stack(0x00000060ea600000,0x00000060ea700000) (1024K)]
  0x000002197222eed0 JavaThread "C2 CompilerThread4"         daemon [_thread_in_native, id=24832, stack(0x00000060eb800000,0x00000060eb900000) (1024K)]
  0x0000021972232c20 JavaThread "C2 CompilerThread5"         daemon [_thread_in_native, id=25380, stack(0x00000060ebc00000,0x00000060ebd00000) (1024K)]
  0x000002197222f5a0 JavaThread "C2 CompilerThread6"         daemon [_thread_in_native, id=20384, stack(0x00000060ed600000,0x00000060ed700000) (1024K)]
=>0x00000219722332f0 JavaThread "C2 CompilerThread7"         daemon [_thread_in_native, id=376, stack(0x00000060ed700000,0x00000060ed800000) (1024K)]
  0x0000021972234e30 JavaThread "C1 CompilerThread1"         daemon [_thread_blocked, id=18600, stack(0x00000060edc00000,0x00000060edd00000) (1024K)]
  0x00000219722339c0 JavaThread "C1 CompilerThread2"         daemon [_thread_blocked, id=24292, stack(0x00000060ee100000,0x00000060ee200000) (1024K)]
Total: 90

Other Threads:
  0x000002190bb41d40 VMThread "VM Thread"                           [id=22952, stack(0x00000060e9700000,0x00000060e9800000) (1024K)]
  0x000002190bc1fa00 WatcherThread "VM Periodic Task Thread"        [id=19624, stack(0x00000060e9600000,0x00000060e9700000) (1024K)]
  0x000002190bbcb1a0 WorkerThread "GC Thread#0"                     [id=22844, stack(0x00000060e9500000,0x00000060e9600000) (1024K)]
  0x0000021966adebc0 WorkerThread "GC Thread#1"                     [id=7900, stack(0x00000060ea700000,0x00000060ea800000) (1024K)]
  0x00000219667ccf20 WorkerThread "GC Thread#2"                     [id=23132, stack(0x00000060ea800000,0x00000060ea900000) (1024K)]
  0x00000219663e8e30 WorkerThread "GC Thread#3"                     [id=21964, stack(0x00000060ea900000,0x00000060eaa00000) (1024K)]
  0x00000219663e91e0 WorkerThread "GC Thread#4"                     [id=18708, stack(0x00000060eaa00000,0x00000060eab00000) (1024K)]
  0x00000219663e9590 WorkerThread "GC Thread#5"                     [id=6356, stack(0x00000060eab00000,0x00000060eac00000) (1024K)]
  0x00000219663e39c0 WorkerThread "GC Thread#6"                     [id=22468, stack(0x00000060eac00000,0x00000060ead00000) (1024K)]
  0x00000219668eb070 WorkerThread "GC Thread#7"                     [id=19504, stack(0x00000060eaf00000,0x00000060eb000000) (1024K)]
  0x00000219668ebf30 WorkerThread "GC Thread#8"                     [id=20276, stack(0x00000060eb300000,0x00000060eb400000) (1024K)]
  0x00000219668eb7d0 WorkerThread "GC Thread#9"                     [id=10648, stack(0x00000060eb400000,0x00000060eb500000) (1024K)]
  0x00000219668ea910 WorkerThread "GC Thread#10"                    [id=7568, stack(0x00000060eb500000,0x00000060eb600000) (1024K)]
  0x00000219668ebb80 WorkerThread "GC Thread#11"                    [id=21240, stack(0x00000060ead00000,0x00000060eae00000) (1024K)]
  0x00000219668ea560 WorkerThread "GC Thread#12"                    [id=23800, stack(0x00000060eb900000,0x00000060eba00000) (1024K)]
Total: 15

Threads with active compile tasks:
C2 CompilerThread0  26028 17613       4       lombok.eclipse.agent.PatchExtensionMethod::getTypeNode (47 bytes)
C2 CompilerThread2  26028 17713       4       org.eclipse.jdt.internal.compiler.lookup.ModuleBinding::combineWithPackagesFromOtherRelevantModules (71 bytes)
C2 CompilerThread3  26029 17659       4       org.eclipse.jdt.internal.compiler.lookup.ModuleBinding::getVisiblePackage (472 bytes)
C2 CompilerThread4  26029 17440   !   4       lombok.core.FieldAugment$ReflectionFieldAugment::getAndSet (80 bytes)
C2 CompilerThread5  26029 17698   !   4       lombok.eclipse.TransformEclipseAST::getAST (64 bytes)
C2 CompilerThread6  26029 17725       4       org.eclipse.jdt.internal.compiler.parser.Parser::consumeRule (7843 bytes)
C2 CompilerThread7  26029 17612   !   4       lombok.eclipse.agent.PatchExtensionMethod::resolveType (870 bytes)
Total: 7

VM state: not at safepoint (normal execution)

VM Mutex/Monitor currently owned by a thread: None

Heap address: 0x0000000080000000, size: 2048 MB, Compressed Oops mode: 32-bit

CDS archive(s) mapped at: [0x0000021923000000-0x0000021923ba0000-0x0000021923ba0000), size 12189696, SharedBaseAddress: 0x0000021923000000, ArchiveRelocationMode: 1.
Compressed class space mapped at: 0x0000021924000000-0x0000021964000000, reserved size: 1073741824
Narrow klass base: 0x0000021923000000, Narrow klass shift: 0, Narrow klass range: 0x100000000

GC Precious Log:
 CardTable entry size: 512
 CPUs: 16 total, 16 available
 Memory: 15713M
 Large Page Support: Disabled
 NUMA Support: Disabled
 Compressed Oops: Enabled (32-bit)
 Alignments: Space 512K, Generation 512K, Heap 2M
 Heap Min Capacity: 100M
 Heap Initial Capacity: 100M
 Heap Max Capacity: 2G
 Pre-touch: Disabled
 Parallel Workers: 13

Heap:
 PSYoungGen      total 2048K, used 1633K [0x00000000d5580000, 0x00000000d5900000, 0x0000000100000000)
  eden space 1536K, 75% used [0x00000000d5580000,0x00000000d56a0660,0x00000000d5700000)
  from space 512K, 93% used [0x00000000d5700000,0x00000000d5778000,0x00000000d5780000)
  to   space 1024K, 0% used [0x00000000d5800000,0x00000000d5800000,0x00000000d5900000)
 ParOldGen       total 886784K, used 292986K [0x0000000080000000, 0x00000000b6200000, 0x00000000d5580000)
  object space 886784K, 33% used [0x0000000080000000,0x0000000091e1e9e8,0x00000000b6200000)
 Metaspace       used 74607K, committed 76224K, reserved 1179648K
  class space    used 7693K, committed 8448K, reserved 1048576K

Card table byte_map: [0x000002190b550000,0x000002190b960000] _byte_map_base: 0x000002190b150000

Marking Bits: (ParMarkBitMap*) 0x00007ffceb5f44a0
 Begin Bits: [0x000002191e060000, 0x0000021920060000)
 End Bits:   [0x0000021920060000, 0x0000021922060000)

Polling page: 0x0000021909910000

Metaspace:

Usage:
  Non-class:     65.35 MB used.
      Class:      7.51 MB used.
       Both:     72.86 MB used.

Virtual space:
  Non-class space:      128.00 MB reserved,      66.19 MB ( 52%) committed,  2 nodes.
      Class space:        1.00 GB reserved,       8.25 MB ( <1%) committed,  1 nodes.
             Both:        1.12 GB reserved,      74.44 MB (  6%) committed. 

Chunk freelists:
   Non-Class:  13.76 MB
       Class:  7.67 MB
        Both:  21.43 MB

MaxMetaspaceSize: unlimited
CompressedClassSpaceSize: 1.00 GB
Initial GC threshold: 21.00 MB
Current GC threshold: 123.44 MB
CDS: on
 - commit_granule_bytes: 65536.
 - commit_granule_words: 8192.
 - virtual_space_node_default_size: 8388608.
 - enlarge_chunks_in_place: 1.
 - use_allocation_guard: 0.


Internal statistics:

num_allocs_failed_limit: 9.
num_arena_births: 1276.
num_arena_deaths: 22.
num_vsnodes_births: 3.
num_vsnodes_deaths: 0.
num_space_committed: 1191.
num_space_uncommitted: 0.
num_chunks_returned_to_freelist: 35.
num_chunks_taken_from_freelist: 4606.
num_chunk_merges: 19.
num_chunk_splits: 2855.
num_chunks_enlarged: 1679.
num_inconsistent_stats: 0.

CodeHeap 'non-profiled nmethods': size=119168Kb used=17319Kb max_used=17319Kb free=101848Kb
 bounds [0x0000021916950000, 0x0000021917a40000, 0x000002191ddb0000]
CodeHeap 'profiled nmethods': size=119104Kb used=39591Kb max_used=41687Kb free=79512Kb
 bounds [0x000002190edb0000, 0x00000219116a0000, 0x0000021916200000]
CodeHeap 'non-nmethods': size=7488Kb used=2605Kb max_used=3274Kb free=4882Kb
 bounds [0x0000021916200000, 0x0000021916550000, 0x0000021916950000]
CodeCache: size=245760Kb, used=59515Kb, max_used=62280Kb, free=186242Kb
 total_blobs=16706, nmethods=15912, adapters=695, full_count=0
Compilation: enabled, stopped_count=0, restarted_count=0

Compilation events (20 events):
Event: 25.925 Thread 0x0000021964a36af0 nmethod 17727 0x000002190f793910 code [0x000002190f793ac0, 0x000002190f793c48]
Event: 25.925 Thread 0x0000021972234e30 nmethod 17728 0x000002190f2e3810 code [0x000002190f2e39c0, 0x000002190f2e3be8]
Event: 25.927 Thread 0x0000021964a36af0 17729       3       java.util.Spliterators$AbstractSpliterator::<init> (30 bytes)
Event: 25.927 Thread 0x0000021972234e30 17730       3       org.eclipse.jdt.internal.core.builder.ClasspathMultiReleaseJar$$Lambda/0x0000021924776168::<init> (15 bytes)
Event: 25.927 Thread 0x0000021972234e30 nmethod 17730 0x000002190f79b290 code [0x000002190f79b440, 0x000002190f79b5b0]
Event: 25.927 Thread 0x0000021964a36af0 nmethod 17729 0x000002190fa4ce90 code [0x000002190fa4d040, 0x000002190fa4d200]
Event: 25.927 Thread 0x0000021972234e30 17731       3       org.eclipse.jdt.internal.core.builder.ClasspathMultiReleaseJar$$Lambda/0x00000219247763a8::<init> (10 bytes)
Event: 25.927 Thread 0x0000021964a36af0 17732       3       java.util.Comparator::reverseOrder (4 bytes)
Event: 25.927 Thread 0x0000021972234e30 nmethod 17731 0x000002190f88e610 code [0x000002190f88e7c0, 0x000002190f88e928]
Event: 25.927 Thread 0x0000021964a36af0 nmethod 17732 0x000002190f231310 code [0x000002190f2314c0, 0x000002190f231610]
Event: 25.927 Thread 0x0000021972234e30 17733       3       org.eclipse.jdt.internal.core.builder.ClasspathMultiReleaseJar::scanMultiReleaseVersions (106 bytes)
Event: 25.927 Thread 0x00000219722339c0 nmethod 17726 0x000002190f004090 code [0x000002190f0042c0, 0x000002190f004be8]
Event: 25.929 Thread 0x0000021972234e30 nmethod 17733 0x000002190f539110 code [0x000002190f539560, 0x000002190f53b5e0]
Event: 25.938 Thread 0x0000021972230a10 nmethod 17607 0x0000021917a16b90 code [0x0000021917a17400, 0x0000021917a21768]
Event: 25.939 Thread 0x000002197222f5a0 nmethod 17701 0x0000021917a27310 code [0x0000021917a276e0, 0x0000021917a297e8]
Event: 25.941 Thread 0x000002197222f5a0 17725       4       org.eclipse.jdt.internal.compiler.parser.Parser::consumeRule (7843 bytes)
Event: 25.942 Thread 0x0000021972230a10 17703       4       org.eclipse.jdt.internal.core.builder.ClasspathJrt::equals (81 bytes)
Event: 25.961 Thread 0x0000021972230a10 nmethod 17703 0x0000021917a2ab10 code [0x0000021917a2ace0, 0x0000021917a2b280]
Event: 25.961 Thread 0x0000021972230a10 17734       4       org.eclipse.jdt.internal.compiler.lookup.ReferenceBinding::storeAnnotations (97 bytes)
Event: 25.991 Thread 0x00000219722339c0 17737   !   3       org.eclipse.jdt.internal.core.JavaModelManager::secondaryTypes (167 bytes)

GC Heap History (20 events):
Event: 25.920 GC heap before
{Heap before GC invocations=1607 (full 4):
 PSYoungGen      total 2560K, used 2272K [0x00000000d5580000, 0x00000000d5900000, 0x0000000100000000)
  eden space 1536K, 100% used [0x00000000d5580000,0x00000000d5700000,0x00000000d5700000)
  from space 1024K, 71% used [0x00000000d5800000,0x00000000d58b8000,0x00000000d5900000)
  to   space 1024K, 0% used [0x00000000d5700000,0x00000000d5700000,0x00000000d5800000)
 ParOldGen       total 886784K, used 288818K [0x0000000080000000, 0x00000000b6200000, 0x00000000d5580000)
  object space 886784K, 32% used [0x0000000080000000,0x0000000091a0c908,0x00000000b6200000)
 Metaspace       used 74590K, committed 76224K, reserved 1179648K
  class space    used 7693K, committed 8448K, reserved 1048576K
}
Event: 25.921 GC heap after
{Heap after GC invocations=1607 (full 4):
 PSYoungGen      total 2560K, used 992K [0x00000000d5580000, 0x00000000d5a00000, 0x0000000100000000)
  eden space 1536K, 0% used [0x00000000d5580000,0x00000000d5580000,0x00000000d5700000)
  from space 1024K, 96% used [0x00000000d5700000,0x00000000d57f8010,0x00000000d5800000)
  to   space 1536K, 0% used [0x00000000d5880000,0x00000000d5880000,0x00000000d5a00000)
 ParOldGen       total 886784K, used 289394K [0x0000000080000000, 0x00000000b6200000, 0x00000000d5580000)
  object space 886784K, 32% used [0x0000000080000000,0x0000000091a9c928,0x00000000b6200000)
 Metaspace       used 74590K, committed 76224K, reserved 1179648K
  class space    used 7693K, committed 8448K, reserved 1048576K
}
Event: 25.925 GC heap before
{Heap before GC invocations=1608 (full 4):
 PSYoungGen      total 2560K, used 2528K [0x00000000d5580000, 0x00000000d5a00000, 0x0000000100000000)
  eden space 1536K, 100% used [0x00000000d5580000,0x00000000d5700000,0x00000000d5700000)
  from space 1024K, 96% used [0x00000000d5700000,0x00000000d57f8010,0x00000000d5800000)
  to   space 1536K, 0% used [0x00000000d5880000,0x00000000d5880000,0x00000000d5a00000)
 ParOldGen       total 886784K, used 289394K [0x0000000080000000, 0x00000000b6200000, 0x00000000d5580000)
  object space 886784K, 32% used [0x0000000080000000,0x0000000091a9c928,0x00000000b6200000)
 Metaspace       used 74591K, committed 76224K, reserved 1179648K
  class space    used 7693K, committed 8448K, reserved 1048576K
}
Event: 25.927 GC heap after
{Heap after GC invocations=1608 (full 4):
 PSYoungGen      total 2560K, used 640K [0x00000000d5580000, 0x00000000d5980000, 0x0000000100000000)
  eden space 1536K, 0% used [0x00000000d5580000,0x00000000d5580000,0x00000000d5700000)
  from space 1024K, 62% used [0x00000000d5880000,0x00000000d5920000,0x00000000d5980000)
  to   space 1024K, 0% used [0x00000000d5700000,0x00000000d5700000,0x00000000d5800000)
 ParOldGen       total 886784K, used 290234K [0x0000000080000000, 0x00000000b6200000, 0x00000000d5580000)
  object space 886784K, 32% used [0x0000000080000000,0x0000000091b6e938,0x00000000b6200000)
 Metaspace       used 74591K, committed 76224K, reserved 1179648K
  class space    used 7693K, committed 8448K, reserved 1048576K
}
Event: 25.929 GC heap before
{Heap before GC invocations=1609 (full 4):
 PSYoungGen      total 2560K, used 2112K [0x00000000d5580000, 0x00000000d5980000, 0x0000000100000000)
  eden space 1536K, 95% used [0x00000000d5580000,0x00000000d56f0190,0x00000000d5700000)
  from space 1024K, 62% used [0x00000000d5880000,0x00000000d5920000,0x00000000d5980000)
  to   space 1024K, 0% used [0x00000000d5700000,0x00000000d5700000,0x00000000d5800000)
 ParOldGen       total 886784K, used 290234K [0x0000000080000000, 0x00000000b6200000, 0x00000000d5580000)
  object space 886784K, 32% used [0x0000000080000000,0x0000000091b6e938,0x00000000b6200000)
 Metaspace       used 74592K, committed 76224K, reserved 1179648K
  class space    used 7693K, committed 8448K, reserved 1048576K
}
Event: 25.930 GC heap after
{Heap after GC invocations=1609 (full 4):
 PSYoungGen      total 2560K, used 352K [0x00000000d5580000, 0x00000000d5900000, 0x0000000100000000)
  eden space 1536K, 0% used [0x00000000d5580000,0x00000000d5580000,0x00000000d5700000)
  from space 1024K, 34% used [0x00000000d5700000,0x00000000d5758010,0x00000000d5800000)
  to   space 512K, 0% used [0x00000000d5880000,0x00000000d5880000,0x00000000d5900000)
 ParOldGen       total 886784K, used 290714K [0x0000000080000000, 0x00000000b6200000, 0x00000000d5580000)
  object space 886784K, 32% used [0x0000000080000000,0x0000000091be6938,0x00000000b6200000)
 Metaspace       used 74592K, committed 76224K, reserved 1179648K
  class space    used 7693K, committed 8448K, reserved 1048576K
}
Event: 25.936 GC heap before
{Heap before GC invocations=1610 (full 4):
 PSYoungGen      total 2560K, used 1888K [0x00000000d5580000, 0x00000000d5900000, 0x0000000100000000)
  eden space 1536K, 100% used [0x00000000d5580000,0x00000000d5700000,0x00000000d5700000)
  from space 1024K, 34% used [0x00000000d5700000,0x00000000d5758010,0x00000000d5800000)
  to   space 512K, 0% used [0x00000000d5880000,0x00000000d5880000,0x00000000d5900000)
 ParOldGen       total 886784K, used 290714K [0x0000000080000000, 0x00000000b6200000, 0x00000000d5580000)
  object space 886784K, 32% used [0x0000000080000000,0x0000000091be6938,0x00000000b6200000)
 Metaspace       used 74592K, committed 76224K, reserved 1179648K
  class space    used 7693K, committed 8448K, reserved 1048576K
}
Event: 25.937 GC heap after
{Heap after GC invocations=1610 (full 4):
 PSYoungGen      total 2560K, used 416K [0x00000000d5580000, 0x00000000d5900000, 0x0000000100000000)
  eden space 2048K, 0% used [0x00000000d5580000,0x00000000d5580000,0x00000000d5780000)
  from space 512K, 81% used [0x00000000d5880000,0x00000000d58e8000,0x00000000d5900000)
  to   space 512K, 0% used [0x00000000d5800000,0x00000000d5800000,0x00000000d5880000)
 ParOldGen       total 886784K, used 290762K [0x0000000080000000, 0x00000000b6200000, 0x00000000d5580000)
  object space 886784K, 32% used [0x0000000080000000,0x0000000091bf2938,0x00000000b6200000)
 Metaspace       used 74592K, committed 76224K, reserved 1179648K
  class space    used 7693K, committed 8448K, reserved 1048576K
}
Event: 25.946 GC heap before
{Heap before GC invocations=1611 (full 4):
 PSYoungGen      total 2560K, used 2464K [0x00000000d5580000, 0x00000000d5900000, 0x0000000100000000)
  eden space 2048K, 100% used [0x00000000d5580000,0x00000000d5780000,0x00000000d5780000)
  from space 512K, 81% used [0x00000000d5880000,0x00000000d58e8000,0x00000000d5900000)
  to   space 512K, 0% used [0x00000000d5800000,0x00000000d5800000,0x00000000d5880000)
 ParOldGen       total 886784K, used 290762K [0x0000000080000000, 0x00000000b6200000, 0x00000000d5580000)
  object space 886784K, 32% used [0x0000000080000000,0x0000000091bf2938,0x00000000b6200000)
 Metaspace       used 74592K, committed 76224K, reserved 1179648K
  class space    used 7693K, committed 8448K, reserved 1048576K
}
Event: 25.947 GC heap after
{Heap after GC invocations=1611 (full 4):
 PSYoungGen      total 2560K, used 512K [0x00000000d5580000, 0x00000000d5980000, 0x0000000100000000)
  eden space 2048K, 0% used [0x00000000d5580000,0x00000000d5580000,0x00000000d5780000)
  from space 512K, 100% used [0x00000000d5800000,0x00000000d5880000,0x00000000d5880000)
  to   space 1024K, 0% used [0x00000000d5880000,0x00000000d5880000,0x00000000d5980000)
 ParOldGen       total 886784K, used 290986K [0x0000000080000000, 0x00000000b6200000, 0x00000000d5580000)
  object space 886784K, 32% used [0x0000000080000000,0x0000000091c2a938,0x00000000b6200000)
 Metaspace       used 74592K, committed 76224K, reserved 1179648K
  class space    used 7693K, committed 8448K, reserved 1048576K
}
Event: 25.955 GC heap before
{Heap before GC invocations=1612 (full 4):
 PSYoungGen      total 2560K, used 2560K [0x00000000d5580000, 0x00000000d5980000, 0x0000000100000000)
  eden space 2048K, 100% used [0x00000000d5580000,0x00000000d5780000,0x00000000d5780000)
  from space 512K, 100% used [0x00000000d5800000,0x00000000d5880000,0x00000000d5880000)
  to   space 1024K, 0% used [0x00000000d5880000,0x00000000d5880000,0x00000000d5980000)
 ParOldGen       total 886784K, used 290986K [0x0000000080000000, 0x00000000b6200000, 0x00000000d5580000)
  object space 886784K, 32% used [0x0000000080000000,0x0000000091c2a938,0x00000000b6200000)
 Metaspace       used 74592K, committed 76224K, reserved 1179648K
  class space    used 7693K, committed 8448K, reserved 1048576K
}
Event: 25.956 GC heap after
{Heap after GC invocations=1612 (full 4):
 PSYoungGen      total 3072K, used 416K [0x00000000d5580000, 0x00000000d5980000, 0x0000000100000000)
  eden space 2048K, 0% used [0x00000000d5580000,0x00000000d5580000,0x00000000d5780000)
  from space 1024K, 40% used [0x00000000d5880000,0x00000000d58e8000,0x00000000d5980000)
  to   space 1024K, 0% used [0x00000000d5780000,0x00000000d5780000,0x00000000d5880000)
 ParOldGen       total 886784K, used 291434K [0x0000000080000000, 0x00000000b6200000, 0x00000000d5580000)
  object space 886784K, 32% used [0x0000000080000000,0x0000000091c9a948,0x00000000b6200000)
 Metaspace       used 74592K, committed 76224K, reserved 1179648K
  class space    used 7693K, committed 8448K, reserved 1048576K
}
Event: 25.962 GC heap before
{Heap before GC invocations=1613 (full 4):
 PSYoungGen      total 3072K, used 2464K [0x00000000d5580000, 0x00000000d5980000, 0x0000000100000000)
  eden space 2048K, 100% used [0x00000000d5580000,0x00000000d5780000,0x00000000d5780000)
  from space 1024K, 40% used [0x00000000d5880000,0x00000000d58e8000,0x00000000d5980000)
  to   space 1024K, 0% used [0x00000000d5780000,0x00000000d5780000,0x00000000d5880000)
 ParOldGen       total 886784K, used 291434K [0x0000000080000000, 0x00000000b6200000, 0x00000000d5580000)
  object space 886784K, 32% used [0x0000000080000000,0x0000000091c9a948,0x00000000b6200000)
 Metaspace       used 74592K, committed 76224K, reserved 1179648K
  class space    used 7693K, committed 8448K, reserved 1048576K
}
Event: 25.964 GC heap after
{Heap after GC invocations=1613 (full 4):
 PSYoungGen      total 3072K, used 512K [0x00000000d5580000, 0x00000000d5980000, 0x0000000100000000)
  eden space 2048K, 0% used [0x00000000d5580000,0x00000000d5580000,0x00000000d5780000)
  from space 1024K, 50% used [0x00000000d5780000,0x00000000d5800000,0x00000000d5880000)
  to   space 1024K, 0% used [0x00000000d5880000,0x00000000d5880000,0x00000000d5980000)
 ParOldGen       total 886784K, used 291754K [0x0000000080000000, 0x00000000b6200000, 0x00000000d5580000)
  object space 886784K, 32% used [0x0000000080000000,0x0000000091cea948,0x00000000b6200000)
 Metaspace       used 74592K, committed 76224K, reserved 1179648K
  class space    used 7693K, committed 8448K, reserved 1048576K
}
Event: 25.969 GC heap before
{Heap before GC invocations=1614 (full 4):
 PSYoungGen      total 3072K, used 2560K [0x00000000d5580000, 0x00000000d5980000, 0x0000000100000000)
  eden space 2048K, 100% used [0x00000000d5580000,0x00000000d5780000,0x00000000d5780000)
  from space 1024K, 50% used [0x00000000d5780000,0x00000000d5800000,0x00000000d5880000)
  to   space 1024K, 0% used [0x00000000d5880000,0x00000000d5880000,0x00000000d5980000)
 ParOldGen       total 886784K, used 291754K [0x0000000080000000, 0x00000000b6200000, 0x00000000d5580000)
  object space 886784K, 32% used [0x0000000080000000,0x0000000091cea948,0x00000000b6200000)
 Metaspace       used 74592K, committed 76224K, reserved 1179648K
  class space    used 7693K, committed 8448K, reserved 1048576K
}
Event: 25.970 GC heap after
{Heap after GC invocations=1614 (full 4):
 PSYoungGen      total 2560K, used 480K [0x00000000d5580000, 0x00000000d5900000, 0x0000000100000000)
  eden space 2048K, 0% used [0x00000000d5580000,0x00000000d5580000,0x00000000d5780000)
  from space 512K, 93% used [0x00000000d5880000,0x00000000d58f8000,0x00000000d5900000)
  to   space 512K, 0% used [0x00000000d5800000,0x00000000d5800000,0x00000000d5880000)
 ParOldGen       total 886784K, used 292018K [0x0000000080000000, 0x00000000b6200000, 0x00000000d5580000)
  object space 886784K, 32% used [0x0000000080000000,0x0000000091d2c948,0x00000000b6200000)
 Metaspace       used 74592K, committed 76224K, reserved 1179648K
  class space    used 7693K, committed 8448K, reserved 1048576K
}
Event: 25.975 GC heap before
{Heap before GC invocations=1615 (full 4):
 PSYoungGen      total 2560K, used 2528K [0x00000000d5580000, 0x00000000d5900000, 0x0000000100000000)
  eden space 2048K, 100% used [0x00000000d5580000,0x00000000d5780000,0x00000000d5780000)
  from space 512K, 93% used [0x00000000d5880000,0x00000000d58f8000,0x00000000d5900000)
  to   space 512K, 0% used [0x00000000d5800000,0x00000000d5800000,0x00000000d5880000)
 ParOldGen       total 886784K, used 292018K [0x0000000080000000, 0x00000000b6200000, 0x00000000d5580000)
  object space 886784K, 32% used [0x0000000080000000,0x0000000091d2c948,0x00000000b6200000)
 Metaspace       used 74592K, committed 76224K, reserved 1179648K
  class space    used 7693K, committed 8448K, reserved 1048576K
}
Event: 25.976 GC heap after
{Heap after GC invocations=1615 (full 4):
 PSYoungGen      total 2560K, used 512K [0x00000000d5580000, 0x00000000d5980000, 0x0000000100000000)
  eden space 2048K, 0% used [0x00000000d5580000,0x00000000d5580000,0x00000000d5780000)
  from space 512K, 100% used [0x00000000d5800000,0x00000000d5880000,0x00000000d5880000)
  to   space 1024K, 0% used [0x00000000d5880000,0x00000000d5880000,0x00000000d5980000)
 ParOldGen       total 886784K, used 292298K [0x0000000080000000, 0x00000000b6200000, 0x00000000d5580000)
  object space 886784K, 32% used [0x0000000080000000,0x0000000091d72948,0x00000000b6200000)
 Metaspace       used 74592K, committed 76224K, reserved 1179648K
  class space    used 7693K, committed 8448K, reserved 1048576K
}
Event: 25.987 GC heap before
{Heap before GC invocations=1616 (full 4):
 PSYoungGen      total 2560K, used 2559K [0x00000000d5580000, 0x00000000d5980000, 0x0000000100000000)
  eden space 2048K, 99% used [0x00000000d5580000,0x00000000d577fff8,0x00000000d5780000)
  from space 512K, 100% used [0x00000000d5800000,0x00000000d5880000,0x00000000d5880000)
  to   space 1024K, 0% used [0x00000000d5880000,0x00000000d5880000,0x00000000d5980000)
 ParOldGen       total 886784K, used 292298K [0x0000000080000000, 0x00000000b6200000, 0x00000000d5580000)
  object space 886784K, 32% used [0x0000000080000000,0x0000000091d72948,0x00000000b6200000)
 Metaspace       used 74592K, committed 76224K, reserved 1179648K
  class space    used 7693K, committed 8448K, reserved 1048576K
}
Event: 25.988 GC heap after
{Heap after GC invocations=1616 (full 4):
 PSYoungGen      total 2560K, used 1009K [0x00000000d5580000, 0x00000000d5a80000, 0x0000000100000000)
  eden space 1536K, 0% used [0x00000000d5580000,0x00000000d5580000,0x00000000d5700000)
  from space 1024K, 98% used [0x00000000d5880000,0x00000000d597c500,0x00000000d5980000)
  to   space 1536K, 0% used [0x00000000d5700000,0x00000000d5700000,0x00000000d5880000)
 ParOldGen       total 886784K, used 292642K [0x0000000080000000, 0x00000000b6200000, 0x00000000d5580000)
  object space 886784K, 33% used [0x0000000080000000,0x0000000091dc89d8,0x00000000b6200000)
 Metaspace       used 74592K, committed 76224K, reserved 1179648K
  class space    used 7693K, committed 8448K, reserved 1048576K
}

Dll operation events (20 events):
Event: 0.081 Attempting to load shared library C:\Users\Admin\.vscode\extensions\redhat.java-1.56.0-win32-x64\jre\21.0.12.1-win32-x86_64\bin\nio.dll
Event: 0.081 Loaded shared library C:\Users\Admin\.vscode\extensions\redhat.java-1.56.0-win32-x64\jre\21.0.12.1-win32-x86_64\bin\nio.dll
Event: 0.084 Attempting to load shared library C:\Users\Admin\.vscode\extensions\redhat.java-1.56.0-win32-x64\jre\21.0.12.1-win32-x86_64\bin\zip.dll
Event: 0.084 Loaded shared library C:\Users\Admin\.vscode\extensions\redhat.java-1.56.0-win32-x64\jre\21.0.12.1-win32-x86_64\bin\zip.dll
Event: 0.097 Attempting to load shared library C:\Users\Admin\.vscode\extensions\redhat.java-1.56.0-win32-x64\jre\21.0.12.1-win32-x86_64\bin\jimage.dll
Event: 0.097 Loaded shared library C:\Users\Admin\.vscode\extensions\redhat.java-1.56.0-win32-x64\jre\21.0.12.1-win32-x86_64\bin\jimage.dll
Event: 0.158 Attempting to load shared library c:\Users\Admin\.vscode\extensions\redhat.java-1.56.0-win32-x64\jre\21.0.12.1-win32-x86_64\bin\verify.dll
Event: 0.158 Loaded shared library c:\Users\Admin\.vscode\extensions\redhat.java-1.56.0-win32-x64\jre\21.0.12.1-win32-x86_64\bin\verify.dll
Event: 1.009 Attempting to load shared library C:\Users\Admin\AppData\Roaming\Code\User\globalStorage\redhat.java\1.56.0\config_win\org.eclipse.equinox.launcher\org.eclipse.equinox.launcher.win32.win32.x86_64_1.3.100.v20260804-1928\eclipse_11924.dll
Event: 1.011 Loaded shared library C:\Users\Admin\AppData\Roaming\Code\User\globalStorage\redhat.java\1.56.0\config_win\org.eclipse.equinox.launcher\org.eclipse.equinox.launcher.win32.win32.x86_64_1.3.100.v20260804-1928\eclipse_11924.dll
Event: 3.688 Attempting to load shared library C:\Users\Admin\.vscode\extensions\redhat.java-1.56.0-win32-x64\jre\21.0.12.1-win32-x86_64\bin\management.dll
Event: 3.688 Loaded shared library C:\Users\Admin\.vscode\extensions\redhat.java-1.56.0-win32-x64\jre\21.0.12.1-win32-x86_64\bin\management.dll
Event: 3.690 Attempting to load shared library C:\Users\Admin\.vscode\extensions\redhat.java-1.56.0-win32-x64\jre\21.0.12.1-win32-x86_64\bin\management_ext.dll
Event: 3.690 Loaded shared library C:\Users\Admin\.vscode\extensions\redhat.java-1.56.0-win32-x64\jre\21.0.12.1-win32-x86_64\bin\management_ext.dll
Event: 4.516 Attempting to load shared library C:\Users\Admin\AppData\Local\Temp\jna-63116079\jna7752810641844326958.dll
Event: 4.572 Loaded shared library C:\Users\Admin\AppData\Local\Temp\jna-63116079\jna7752810641844326958.dll
Event: 4.646 Attempting to load shared library C:\Users\Admin\.vscode\extensions\redhat.java-1.56.0-win32-x64\jre\21.0.12.1-win32-x86_64\bin\sunmscapi.dll
Event: 4.684 Loaded shared library C:\Users\Admin\.vscode\extensions\redhat.java-1.56.0-win32-x64\jre\21.0.12.1-win32-x86_64\bin\sunmscapi.dll
Event: 5.007 Attempting to load shared library C:\Users\Admin\.vscode\extensions\redhat.java-1.56.0-win32-x64\jre\21.0.12.1-win32-x86_64\bin\extnet.dll
Event: 5.007 Loaded shared library C:\Users\Admin\.vscode\extensions\redhat.java-1.56.0-win32-x64\jre\21.0.12.1-win32-x86_64\bin\extnet.dll

Deoptimization events (20 events):
Event: 25.693 Thread 0x000002196bb94bd0 Uncommon trap: trap_request=0xffffffc6 fr.pc=0x0000021916d9ded4 relative=0x0000000000000354
Event: 25.693 Thread 0x000002196bb94bd0 Uncommon trap: reason=bimorphic_or_optimized_type_check action=maybe_recompile pc=0x0000021916d9ded4 method=org.eclipse.jdt.internal.compiler.lookup.ParameterizedTypeBinding.findSuperTypeOriginatingFrom(Lorg/eclipse/jdt/internal/compiler/lookup/TypeBindin
Event: 25.693 Thread 0x000002196bb94bd0 DEOPT PACKING pc=0x0000021916d9ded4 sp=0x00000060ebdfdb30
Event: 25.693 Thread 0x000002196bb94bd0 DEOPT UNPACKING pc=0x0000021916253aa2 sp=0x00000060ebdfdad8 mode 2
Event: 25.786 Thread 0x000002196bb94bd0 Uncommon trap: trap_request=0xffffffde fr.pc=0x0000021916de6aa4 relative=0x0000000000000804
Event: 25.786 Thread 0x000002196bb94bd0 Uncommon trap: reason=class_check action=maybe_recompile pc=0x0000021916de6aa4 method=org.eclipse.jdt.internal.compiler.lookup.PackageBinding.hasCompilationUnit(Z)Z @ 89 c2
Event: 25.786 Thread 0x000002196bb94bd0 DEOPT PACKING pc=0x0000021916de6aa4 sp=0x00000060ebdfe6a0
Event: 25.786 Thread 0x000002196bb94bd0 DEOPT UNPACKING pc=0x0000021916253aa2 sp=0x00000060ebdfe620 mode 2
Event: 25.806 Thread 0x000002196bb94bd0 Uncommon trap: trap_request=0xffffff76 fr.pc=0x0000021917a08c7c relative=0x00000000000021bc
Event: 25.806 Thread 0x000002196bb94bd0 Uncommon trap: reason=predicate action=maybe_recompile pc=0x0000021917a08c7c method=org.eclipse.jdt.internal.compiler.lookup.BinaryTypeBinding.createFields([Lorg/eclipse/jdt/internal/compiler/env/IBinaryField;Lorg/eclipse/jdt/internal/compiler/env/IBinary
Event: 25.806 Thread 0x000002196bb94bd0 DEOPT PACKING pc=0x0000021917a08c7c sp=0x00000060ebdfce70
Event: 25.806 Thread 0x000002196bb94bd0 DEOPT UNPACKING pc=0x0000021916253aa2 sp=0x00000060ebdfcdc8 mode 2
Event: 25.831 Thread 0x000002196bb94bd0 Uncommon trap: trap_request=0xffffffde fr.pc=0x0000021916de6aa4 relative=0x0000000000000804
Event: 25.831 Thread 0x000002196bb94bd0 Uncommon trap: reason=class_check action=maybe_recompile pc=0x0000021916de6aa4 method=org.eclipse.jdt.internal.compiler.lookup.PackageBinding.hasCompilationUnit(Z)Z @ 89 c2
Event: 25.831 Thread 0x000002196bb94bd0 DEOPT PACKING pc=0x0000021916de6aa4 sp=0x00000060ebdfe200
Event: 25.831 Thread 0x000002196bb94bd0 DEOPT UNPACKING pc=0x0000021916253aa2 sp=0x00000060ebdfe180 mode 2
Event: 25.907 Thread 0x000002196bb94bd0 Uncommon trap: trap_request=0xffffffde fr.pc=0x0000021916c2fd18 relative=0x0000000000000db8
Event: 25.907 Thread 0x000002196bb94bd0 Uncommon trap: reason=class_check action=maybe_recompile pc=0x0000021916c2fd18 method=org.eclipse.jdt.internal.compiler.parser.Parser.consumeRule(I)V @ 4501 c2
Event: 25.907 Thread 0x000002196bb94bd0 DEOPT PACKING pc=0x0000021916c2fd18 sp=0x00000060ebdfee70
Event: 25.907 Thread 0x000002196bb94bd0 DEOPT UNPACKING pc=0x0000021916253aa2 sp=0x00000060ebdfedf8 mode 2

Classes loaded (20 events):
Event: 12.519 Loading class java/util/concurrent/ConcurrentHashMap$KeySpliterator
Event: 12.519 Loading class java/util/concurrent/ConcurrentHashMap$KeySpliterator done
Event: 12.731 Loading class java/util/stream/ReferencePipeline$4
Event: 12.731 Loading class java/util/stream/ReferencePipeline$4 done
Event: 12.732 Loading class java/util/stream/Nodes$IntFixedNodeBuilder
Event: 12.732 Loading class java/util/stream/Node$Builder$OfInt
Event: 12.732 Loading class java/util/stream/Node$Builder$OfInt done
Event: 12.732 Loading class java/util/stream/Nodes$IntArrayNode
Event: 12.732 Loading class java/util/stream/Nodes$IntArrayNode done
Event: 12.732 Loading class java/util/stream/Nodes$IntFixedNodeBuilder done
Event: 12.732 Loading class java/util/stream/ReferencePipeline$4$1
Event: 12.732 Loading class java/util/stream/ReferencePipeline$4$1 done
Event: 14.055 Loading class jdk/internal/module/IllegalAccessLogger
Event: 14.055 Loading class jdk/internal/module/IllegalAccessLogger done
Event: 14.316 Loading class java/lang/StringUTF16$LinesSpliterator
Event: 14.316 Loading class java/lang/StringUTF16$LinesSpliterator done
Event: 15.569 Loading class java/nio/file/attribute/PosixFileAttributes
Event: 15.569 Loading class java/nio/file/attribute/PosixFileAttributes done
Event: 15.577 Loading class sun/nio/ch/SocketOutputStream
Event: 15.578 Loading class sun/nio/ch/SocketOutputStream done

Classes unloaded (11 events):
Event: 4.078 Thread 0x000002190bb41d40 Unloading class 0x00000219241ab400 'java/lang/invoke/LambdaForm$MH+0x00000219241ab400'
Event: 4.078 Thread 0x000002190bb41d40 Unloading class 0x00000219241ab000 'java/lang/invoke/LambdaForm$MH+0x00000219241ab000'
Event: 4.078 Thread 0x000002190bb41d40 Unloading class 0x00000219241aac00 'java/lang/invoke/LambdaForm$MH+0x00000219241aac00'
Event: 4.078 Thread 0x000002190bb41d40 Unloading class 0x00000219241aa800 'java/lang/invoke/LambdaForm$MH+0x00000219241aa800'
Event: 4.078 Thread 0x000002190bb41d40 Unloading class 0x00000219241aa400 'java/lang/invoke/LambdaForm$BMH+0x00000219241aa400'
Event: 4.078 Thread 0x000002190bb41d40 Unloading class 0x00000219241aa000 'java/lang/invoke/LambdaForm$DMH+0x00000219241aa000'
Event: 4.078 Thread 0x000002190bb41d40 Unloading class 0x00000219241a8c00 'java/lang/invoke/LambdaForm$DMH+0x00000219241a8c00'
Event: 9.708 Thread 0x000002190bb41d40 Unloading class 0x0000021924685800 'java/lang/invoke/LambdaForm$DMH+0x0000021924685800'
Event: 9.708 Thread 0x000002190bb41d40 Unloading class 0x0000021924685400 'java/lang/invoke/LambdaForm$DMH+0x0000021924685400'
Event: 9.708 Thread 0x000002190bb41d40 Unloading class 0x0000021924685000 'java/lang/invoke/LambdaForm$DMH+0x0000021924685000'
Event: 9.708 Thread 0x000002190bb41d40 Unloading class 0x0000021924684c00 'java/lang/invoke/LambdaForm$DMH+0x0000021924684c00'

Classes redefined (0 events):
No events

Internal exceptions (20 events):
Event: 25.909 Thread 0x000002196bb94bd0 Implicit null exception at 0x000002191105a81b to 0x000002191105add5
Event: 25.909 Thread 0x000002196bb94bd0 Exception <a 'java/lang/NullPointerException'{0x00000000d56eb9a8}> (0x00000000d56eb9a8) 
thrown [s\src\hotspot\share\runtime\sharedRuntime.cpp, line 625]
Event: 25.909 Thread 0x000002196bb94bd0 Implicit null exception at 0x000002191105a81b to 0x000002191105add5
Event: 25.909 Thread 0x000002196bb94bd0 Exception <a 'java/lang/NullPointerException'{0x00000000d56ec708}> (0x00000000d56ec708) 
thrown [s\src\hotspot\share\runtime\sharedRuntime.cpp, line 625]
Event: 25.909 Thread 0x000002196bb94bd0 Implicit null exception at 0x000002191105a81b to 0x000002191105add5
Event: 25.909 Thread 0x000002196bb94bd0 Exception <a 'java/lang/NullPointerException'{0x00000000d56ee0f8}> (0x00000000d56ee0f8) 
thrown [s\src\hotspot\share\runtime\sharedRuntime.cpp, line 625]
Event: 25.909 Thread 0x000002196bb94bd0 Implicit null exception at 0x000002191105a81b to 0x000002191105add5
Event: 25.909 Thread 0x000002196bb94bd0 Exception <a 'java/lang/NullPointerException'{0x00000000d56f0070}> (0x00000000d56f0070) 
thrown [s\src\hotspot\share\runtime\sharedRuntime.cpp, line 625]
Event: 25.909 Thread 0x000002196bb94bd0 Implicit null exception at 0x000002191105a81b to 0x000002191105add5
Event: 25.910 Thread 0x000002196bb94bd0 Exception <a 'java/lang/NullPointerException'{0x00000000d56f1260}> (0x00000000d56f1260) 
thrown [s\src\hotspot\share\runtime\sharedRuntime.cpp, line 625]
Event: 25.910 Thread 0x000002196bb94bd0 Implicit null exception at 0x000002191105a81b to 0x000002191105add5
Event: 25.910 Thread 0x000002196bb94bd0 Exception <a 'java/lang/NullPointerException'{0x00000000d56f21d0}> (0x00000000d56f21d0) 
thrown [s\src\hotspot\share\runtime\sharedRuntime.cpp, line 625]
Event: 25.910 Thread 0x000002196bb94bd0 Implicit null exception at 0x000002191105a81b to 0x000002191105add5
Event: 25.910 Thread 0x000002196bb94bd0 Exception <a 'java/lang/NullPointerException'{0x00000000d56f2b90}> (0x00000000d56f2b90) 
thrown [s\src\hotspot\share\runtime\sharedRuntime.cpp, line 625]
Event: 25.910 Thread 0x000002196bb94bd0 Implicit null exception at 0x000002191105a81b to 0x000002191105add5
Event: 25.910 Thread 0x000002196bb94bd0 Exception <a 'java/lang/NullPointerException'{0x00000000d56f3fd0}> (0x00000000d56f3fd0) 
thrown [s\src\hotspot\share\runtime\sharedRuntime.cpp, line 625]
Event: 25.910 Thread 0x000002196bb94bd0 Implicit null exception at 0x000002191105a81b to 0x000002191105add5
Event: 25.910 Thread 0x000002196bb94bd0 Exception <a 'java/lang/NullPointerException'{0x00000000d56f4be8}> (0x00000000d56f4be8) 
thrown [s\src\hotspot\share\runtime\sharedRuntime.cpp, line 625]
Event: 25.910 Thread 0x000002196bb94bd0 Implicit null exception at 0x000002191105a81b to 0x000002191105add5
Event: 25.910 Thread 0x000002196bb94bd0 Exception <a 'java/lang/NullPointerException'{0x00000000d56f6150}> (0x00000000d56f6150) 
thrown [s\src\hotspot\share\runtime\sharedRuntime.cpp, line 625]

ZGC Phase Switch (0 events):
No events

VM Operations (20 events):
Event: 25.920 Executing safepoint VM operation: ParallelGCFailedAllocation (Allocation Failure)
Event: 25.921 Executing safepoint VM operation: ParallelGCFailedAllocation (Allocation Failure) done
Event: 25.925 Executing safepoint VM operation: ParallelGCFailedAllocation (Allocation Failure)
Event: 25.927 Executing safepoint VM operation: ParallelGCFailedAllocation (Allocation Failure) done
Event: 25.929 Executing safepoint VM operation: ParallelGCFailedAllocation (Allocation Failure)
Event: 25.930 Executing safepoint VM operation: ParallelGCFailedAllocation (Allocation Failure) done
Event: 25.936 Executing safepoint VM operation: ParallelGCFailedAllocation (Allocation Failure)
Event: 25.938 Executing safepoint VM operation: ParallelGCFailedAllocation (Allocation Failure) done
Event: 25.945 Executing safepoint VM operation: ParallelGCFailedAllocation (Allocation Failure)
Event: 25.947 Executing safepoint VM operation: ParallelGCFailedAllocation (Allocation Failure) done
Event: 25.955 Executing safepoint VM operation: ParallelGCFailedAllocation (Allocation Failure)
Event: 25.956 Executing safepoint VM operation: ParallelGCFailedAllocation (Allocation Failure) done
Event: 25.962 Executing safepoint VM operation: ParallelGCFailedAllocation (Allocation Failure)
Event: 25.964 Executing safepoint VM operation: ParallelGCFailedAllocation (Allocation Failure) done
Event: 25.969 Executing safepoint VM operation: ParallelGCFailedAllocation (Allocation Failure)
Event: 25.970 Executing safepoint VM operation: ParallelGCFailedAllocation (Allocation Failure) done
Event: 25.975 Executing safepoint VM operation: ParallelGCFailedAllocation (Allocation Failure)
Event: 25.976 Executing safepoint VM operation: ParallelGCFailedAllocation (Allocation Failure) done
Event: 25.987 Executing safepoint VM operation: ParallelGCFailedAllocation (Allocation Failure)
Event: 25.988 Executing safepoint VM operation: ParallelGCFailedAllocation (Allocation Failure) done

Memory protections (0 events):
No events

Nmethod flushes (20 events):
Event: 24.334 Thread 0x000002190bb41d40 flushing  nmethod 0x000002191028c590
Event: 24.334 Thread 0x000002190bb41d40 flushing  nmethod 0x000002191028f110
Event: 24.334 Thread 0x000002190bb41d40 flushing  nmethod 0x00000219102a3310
Event: 24.334 Thread 0x000002190bb41d40 flushing  nmethod 0x00000219102a3c90
Event: 24.334 Thread 0x000002190bb41d40 flushing  nmethod 0x00000219102d8f90
Event: 24.334 Thread 0x000002190bb41d40 flushing  nmethod 0x00000219102ecb90
Event: 24.334 Thread 0x000002190bb41d40 flushing  nmethod 0x00000219102fea10
Event: 24.334 Thread 0x000002190bb41d40 flushing  nmethod 0x000002191037b190
Event: 24.334 Thread 0x000002190bb41d40 flushing  nmethod 0x000002191037b890
Event: 24.334 Thread 0x000002190bb41d40 flushing  nmethod 0x000002191037c090
Event: 24.334 Thread 0x000002190bb41d40 flushing  nmethod 0x000002191037cb90
Event: 24.334 Thread 0x000002190bb41d40 flushing  nmethod 0x000002191037d610
Event: 24.334 Thread 0x000002190bb41d40 flushing  nmethod 0x000002191037e690
Event: 24.334 Thread 0x000002190bb41d40 flushing  nmethod 0x0000021910384b10
Event: 24.334 Thread 0x000002190bb41d40 flushing  nmethod 0x0000021910387f90
Event: 24.334 Thread 0x000002190bb41d40 flushing  nmethod 0x000002191038b910
Event: 24.334 Thread 0x000002190bb41d40 flushing  nmethod 0x000002191038c690
Event: 24.334 Thread 0x000002190bb41d40 flushing  nmethod 0x00000219103b3190
Event: 24.334 Thread 0x000002190bb41d40 flushing  nmethod 0x00000219103b5090
Event: 24.334 Thread 0x000002190bb41d40 flushing  nmethod 0x00000219103c8c90

Events (20 events):
Event: 17.866 Thread 0x0000021972230a10 Thread exited: 0x0000021972230a10
Event: 17.866 Thread 0x000002196b58c610 Thread exited: 0x000002196b58c610
Event: 17.931 Thread 0x000002196c74ded0 Thread exited: 0x000002196c74ded0
Event: 17.931 Thread 0x000002196b58da80 Thread exited: 0x000002196b58da80
Event: 17.931 Thread 0x000002196b58e150 Thread exited: 0x000002196b58e150
Event: 18.057 Thread 0x000002196b58cce0 Thread exited: 0x000002196b58cce0
Event: 18.244 Thread 0x000002196b58bf40 Thread exited: 0x000002196b58bf40
Event: 18.244 Thread 0x000002196b58aad0 Thread exited: 0x000002196b58aad0
Event: 19.032 Thread 0x000002196b8ee790 Thread exited: 0x000002196b8ee790
Event: 21.210 Thread 0x0000021964b342f0 Thread exited: 0x0000021964b342f0
Event: 23.329 Thread 0x0000021964a36af0 Thread added: 0x0000021972230a10
Event: 23.964 Thread 0x000002196bb94bd0 Thread added: 0x000002196c8e87c0
Event: 23.972 Thread 0x0000021964a36af0 Thread added: 0x000002197222e800
Event: 23.972 Thread 0x0000021964a36af0 Thread added: 0x0000021972232550
Event: 23.972 Thread 0x0000021964a36af0 Thread added: 0x000002197222eed0
Event: 24.248 Thread 0x0000021964a36af0 Thread added: 0x0000021972232c20
Event: 24.255 Thread 0x0000021964a36af0 Thread added: 0x000002197222f5a0
Event: 24.486 Thread 0x0000021964a36af0 Thread added: 0x00000219722332f0
Event: 24.901 Thread 0x0000021964a36af0 Thread added: 0x0000021972234e30
Event: 25.440 Thread 0x0000021972234e30 Thread added: 0x00000219722339c0


Dynamic libraries:
0x00007ff7bca30000 - 0x00007ff7bca3e000 	c:\Users\Admin\.vscode\extensions\redhat.java-1.56.0-win32-x64\jre\21.0.12.1-win32-x86_64\bin\java.exe
0x00007ffd78100000 - 0x00007ffd78367000 	C:\WINDOWS\SYSTEM32\ntdll.dll
0x00007ffd75f80000 - 0x00007ffd7604b000 	C:\WINDOWS\System32\KERNEL32.DLL
0x00007ffd75300000 - 0x00007ffd75702000 	C:\WINDOWS\System32\KERNELBASE.dll
0x00007ffd75cc0000 - 0x00007ffd75e0c000 	C:\WINDOWS\System32\ucrtbase.dll
0x00007ffd4bf80000 - 0x00007ffd4bf9e000 	c:\Users\Admin\.vscode\extensions\redhat.java-1.56.0-win32-x64\jre\21.0.12.1-win32-x86_64\bin\VCRUNTIME140.dll
0x00007ffd5b9e0000 - 0x00007ffd5b9f8000 	c:\Users\Admin\.vscode\extensions\redhat.java-1.56.0-win32-x64\jre\21.0.12.1-win32-x86_64\bin\jli.dll
0x00007ffd77600000 - 0x00007ffd777cf000 	C:\WINDOWS\System32\USER32.dll
0x00007ffd5e020000 - 0x00007ffd5e2b0000 	C:\WINDOWS\WinSxS\amd64_microsoft.windows.common-controls_6595b64144ccf1df_6.0.26100.9278_none_3e0d1ba8e3303201\COMCTL32.dll
0x00007ffd75710000 - 0x00007ffd75737000 	C:\WINDOWS\System32\win32u.dll
0x00007ffd770e0000 - 0x00007ffd77189000 	C:\WINDOWS\System32\msvcrt.dll
0x00007ffd775d0000 - 0x00007ffd775fb000 	C:\WINDOWS\System32\GDI32.dll
0x00007ffd75980000 - 0x00007ffd75aa9000 	C:\WINDOWS\System32\gdi32full.dll
0x00007ffd758d0000 - 0x00007ffd75973000 	C:\WINDOWS\System32\msvcp_win.dll
0x00007ffd77870000 - 0x00007ffd778a1000 	C:\WINDOWS\System32\IMM32.DLL
0x00007ffd721e0000 - 0x00007ffd721ec000 	c:\Users\Admin\.vscode\extensions\redhat.java-1.56.0-win32-x64\jre\21.0.12.1-win32-x86_64\bin\vcruntime140_1.dll
0x00007ffcec4e0000 - 0x00007ffcec56d000 	c:\Users\Admin\.vscode\extensions\redhat.java-1.56.0-win32-x64\jre\21.0.12.1-win32-x86_64\bin\msvcp140.dll
0x00007ffcea930000 - 0x00007ffceb6d2000 	c:\Users\Admin\.vscode\extensions\redhat.java-1.56.0-win32-x64\jre\21.0.12.1-win32-x86_64\bin\server\jvm.dll
0x00007ffd77190000 - 0x00007ffd7724c000 	C:\WINDOWS\System32\ADVAPI32.dll
0x00007ffd77480000 - 0x00007ffd77529000 	C:\WINDOWS\System32\sechost.dll
0x00007ffd77ae0000 - 0x00007ffd77bf8000 	C:\WINDOWS\System32\RPCRT4.dll
0x00007ffd777e0000 - 0x00007ffd77860000 	C:\WINDOWS\System32\WS2_32.dll
0x00007ffd75180000 - 0x00007ffd751de000 	C:\WINDOWS\SYSTEM32\POWRPROF.dll
0x00007ffd6b000000 - 0x00007ffd6b036000 	C:\WINDOWS\SYSTEM32\WINMM.dll
0x00007ffd6cd70000 - 0x00007ffd6cd7b000 	C:\WINDOWS\SYSTEM32\VERSION.dll
0x00007ffd75160000 - 0x00007ffd75175000 	C:\WINDOWS\SYSTEM32\UMPDC.dll
0x00007ffd73fd0000 - 0x00007ffd73feb000 	C:\WINDOWS\SYSTEM32\kernel.appcore.dll
0x00007ffd70170000 - 0x00007ffd7017a000 	c:\Users\Admin\.vscode\extensions\redhat.java-1.56.0-win32-x64\jre\21.0.12.1-win32-x86_64\bin\jimage.dll
0x00007ffd697a0000 - 0x00007ffd699ec000 	C:\WINDOWS\SYSTEM32\DBGHELP.DLL
0x00007ffd77c00000 - 0x00007ffd77f85000 	C:\WINDOWS\System32\combase.dll
0x00007ffd77390000 - 0x00007ffd77469000 	C:\WINDOWS\System32\OLEAUT32.dll
0x00007ffd4d250000 - 0x00007ffd4d28b000 	C:\WINDOWS\SYSTEM32\dbgcore.DLL
0x00007ffd75ab0000 - 0x00007ffd75b5c000 	C:\WINDOWS\System32\bcryptPrimitives.dll
0x00007ffd61090000 - 0x00007ffd6109f000 	c:\Users\Admin\.vscode\extensions\redhat.java-1.56.0-win32-x64\jre\21.0.12.1-win32-x86_64\bin\instrument.dll
0x00007ffd4bf60000 - 0x00007ffd4bf80000 	c:\Users\Admin\.vscode\extensions\redhat.java-1.56.0-win32-x64\jre\21.0.12.1-win32-x86_64\bin\java.dll
0x00007ffd76230000 - 0x00007ffd769c8000 	C:\WINDOWS\System32\SHELL32.dll
0x00007ffd72da0000 - 0x00007ffd7364e000 	C:\WINDOWS\SYSTEM32\windows.storage.dll
0x00007ffd77fb0000 - 0x00007ffd780ab000 	C:\WINDOWS\System32\SHCORE.dll
0x00007ffd77320000 - 0x00007ffd77386000 	C:\WINDOWS\System32\shlwapi.dll
0x00007ffd75220000 - 0x00007ffd75249000 	C:\WINDOWS\SYSTEM32\profapi.dll
0x00007ffd4bc30000 - 0x00007ffd4bc48000 	c:\Users\Admin\.vscode\extensions\redhat.java-1.56.0-win32-x64\jre\21.0.12.1-win32-x86_64\bin\zip.dll
0x00007ffd5e520000 - 0x00007ffd5e530000 	C:\Users\Admin\.vscode\extensions\redhat.java-1.56.0-win32-x64\jre\21.0.12.1-win32-x86_64\bin\net.dll
0x00007ffd6e670000 - 0x00007ffd6e79a000 	C:\WINDOWS\SYSTEM32\WINHTTP.dll
0x00007ffd74590000 - 0x00007ffd745fc000 	C:\WINDOWS\system32\mswsock.dll
0x00007ffd4b350000 - 0x00007ffd4b366000 	C:\Users\Admin\.vscode\extensions\redhat.java-1.56.0-win32-x64\jre\21.0.12.1-win32-x86_64\bin\nio.dll
0x00007ffd5e500000 - 0x00007ffd5e510000 	c:\Users\Admin\.vscode\extensions\redhat.java-1.56.0-win32-x64\jre\21.0.12.1-win32-x86_64\bin\verify.dll
0x00007ffd48d70000 - 0x00007ffd48db5000 	C:\Users\Admin\AppData\Roaming\Code\User\globalStorage\redhat.java\1.56.0\config_win\org.eclipse.equinox.launcher\org.eclipse.equinox.launcher.win32.win32.x86_64_1.3.100.v20260804-1928\eclipse_11924.dll
0x00007ffd778b0000 - 0x00007ffd77a4a000 	C:\WINDOWS\System32\ole32.dll
0x00007ffd5ddd0000 - 0x00007ffd5ddda000 	C:\Users\Admin\.vscode\extensions\redhat.java-1.56.0-win32-x64\jre\21.0.12.1-win32-x86_64\bin\management.dll
0x00007ffd5dac0000 - 0x00007ffd5dacc000 	C:\Users\Admin\.vscode\extensions\redhat.java-1.56.0-win32-x64\jre\21.0.12.1-win32-x86_64\bin\management_ext.dll
0x00007ffd780b0000 - 0x00007ffd780b8000 	C:\WINDOWS\System32\PSAPI.DLL
0x00007ffd74880000 - 0x00007ffd7489b000 	C:\WINDOWS\SYSTEM32\CRYPTSP.dll
0x00007ffd73f30000 - 0x00007ffd73f69000 	C:\WINDOWS\system32\rsaenh.dll
0x00007ffd74640000 - 0x00007ffd74674000 	C:\WINDOWS\SYSTEM32\USERENV.dll
0x00007ffd751f0000 - 0x00007ffd7521a000 	C:\WINDOWS\SYSTEM32\bcrypt.dll
0x00007ffd748a0000 - 0x00007ffd748ac000 	C:\WINDOWS\SYSTEM32\CRYPTBASE.dll
0x00007ffd739a0000 - 0x00007ffd739d3000 	C:\WINDOWS\SYSTEM32\IPHLPAPI.DLL
0x00007ffd77470000 - 0x00007ffd7747a000 	C:\WINDOWS\System32\NSI.dll
0x00007ffcf6540000 - 0x00007ffcf6589000 	C:\Users\Admin\AppData\Local\Temp\jna-63116079\jna7752810641844326958.dll
0x00007ffd6e4c0000 - 0x00007ffd6e4dd000 	C:\WINDOWS\SYSTEM32\dhcpcsvc6.DLL
0x00007ffd6e490000 - 0x00007ffd6e4b5000 	C:\WINDOWS\SYSTEM32\dhcpcsvc.DLL
0x00007ffd5cfa0000 - 0x00007ffd5cfae000 	C:\Users\Admin\.vscode\extensions\redhat.java-1.56.0-win32-x64\jre\21.0.12.1-win32-x86_64\bin\sunmscapi.dll
0x00007ffd75740000 - 0x00007ffd758be000 	C:\WINDOWS\System32\CRYPT32.dll
0x00007ffd74a40000 - 0x00007ffd74a70000 	C:\WINDOWS\SYSTEM32\ncrypt.dll
0x00007ffd749f0000 - 0x00007ffd74a2f000 	C:\WINDOWS\SYSTEM32\NTASN1.dll
0x00007ffd73a30000 - 0x00007ffd73b88000 	C:\WINDOWS\SYSTEM32\DNSAPI.dll
0x00007ffd74370000 - 0x00007ffd7437d000 	C:\WINDOWS\SYSTEM32\DSPARSE.dll
0x00007ffd6de80000 - 0x00007ffd6de8b000 	C:\Windows\System32\rasadhlp.dll
0x00007ffd6e1b0000 - 0x00007ffd6e236000 	C:\WINDOWS\System32\fwpuclnt.dll
0x00007ffd5ce50000 - 0x00007ffd5ce59000 	C:\Users\Admin\.vscode\extensions\redhat.java-1.56.0-win32-x64\jre\21.0.12.1-win32-x86_64\bin\extnet.dll

JVMTI agents:
c:\Users\Admin\.vscode\extensions\redhat.java-1.56.0-win32-x64\lombok\lombok-1.18.39-4050.jar path:c:\Users\Admin\.vscode\extensions\redhat.java-1.56.0-win32-x64\jre\21.0.12.1-win32-x86_64\bin\instrument.dll, loaded, initialized, instrumentlib options:none

dbghelp: loaded successfully - version: 4.0.5 - missing functions: none
symbol engine: initialized successfully - sym options: 0x614 - pdb path: .;c:\Users\Admin\.vscode\extensions\redhat.java-1.56.0-win32-x64\jre\21.0.12.1-win32-x86_64\bin;C:\WINDOWS\SYSTEM32;C:\WINDOWS\WinSxS\amd64_microsoft.windows.common-controls_6595b64144ccf1df_6.0.26100.9278_none_3e0d1ba8e3303201;c:\Users\Admin\.vscode\extensions\redhat.java-1.56.0-win32-x64\jre\21.0.12.1-win32-x86_64\bin\server;C:\Users\Admin\AppData\Roaming\Code\User\globalStorage\redhat.java\1.56.0\config_win\org.eclipse.equinox.launcher\org.eclipse.equinox.launcher.win32.win32.x86_64_1.3.100.v20260804-1928;C:\Users\Admin\AppData\Local\Temp\jna-63116079

VM Arguments:
jvm_args: --add-modules=ALL-SYSTEM --add-opens=java.base/java.util=ALL-UNNAMED --add-opens=java.base/java.lang=ALL-UNNAMED --add-opens=java.base/sun.nio.fs=ALL-UNNAMED -Declipse.application=org.eclipse.jdt.ls.core.id1 -Dosgi.bundles.defaultStartLevel=4 -Declipse.product=org.eclipse.jdt.ls.core.product -Djava.import.generatesMetadataFilesAtProjectRoot=false -Dm2e.project.cache.size=50 -DDetectVMInstallationsJob.disabled=true -Dfile.encoding=utf8 -XX:+UseParallelGC -XX:GCTimeRatio=4 -XX:AdaptiveSizePolicyWeight=90 -Dsun.zip.disableMemoryMapping=true -Xmx2G -Xms100m -Xlog:disable -javaagent:c:\Users\Admin\.vscode\extensions\redhat.java-1.56.0-win32-x64\lombok\lombok-1.18.39-4050.jar -XX:+HeapDumpOnOutOfMemoryError -XX:HeapDumpPath=c:\Users\Admin\AppData\Roaming\Code\User\workspaceStorage\a2e3180be73fd6a36db750b1ea438555\redhat.java -Daether.dependencyCollector.impl=bf 
java_command: c:\Users\Admin\.vscode\extensions\redhat.java-1.56.0-win32-x64\server\plugins\org.eclipse.equinox.launcher_1.8.0.v20260804-1928.jar -configuration c:\Users\Admin\AppData\Roaming\Code\User\globalStorage\redhat.java\1.56.0\config_win -data c:\Users\Admin\AppData\Roaming\Code\User\workspaceStorage\a2e3180be73fd6a36db750b1ea438555\redhat.java\jdt_ws --pipe=\\.\pipe\lsp-4f91eae286f22d5c6e6439b433eb3d2b-sock
java_class_path (initial): c:\Users\Admin\.vscode\extensions\redhat.java-1.56.0-win32-x64\server\plugins\org.eclipse.equinox.launcher_1.8.0.v20260804-1928.jar
Launcher Type: SUN_STANDARD

[Global flags]
    uintx AdaptiveSizePolicyWeight                 = 90                                        {product} {command line}
     intx CICompilerCount                          = 12                                        {product} {ergonomic}
    uintx GCTimeRatio                              = 4                                         {product} {command line}
     bool HeapDumpOnOutOfMemoryError               = true                                   {manageable} {command line}
    ccstr HeapDumpPath                             = c:\Users\Admin\AppData\Roaming\Code\User\workspaceStorage\a2e3180be73fd6a36db750b1ea438555\redhat.java         {manageable} {command line}
   size_t InitialHeapSize                          = 104857600                                 {product} {command line}
   size_t MaxHeapSize                              = 2147483648                                {product} {command line}
   size_t MaxNewSize                               = 715653120                                 {product} {ergonomic}
   size_t MinHeapDeltaBytes                        = 524288                                    {product} {ergonomic}
   size_t MinHeapSize                              = 104857600                                 {product} {command line}
   size_t NewSize                                  = 34603008                                  {product} {ergonomic}
    uintx NonNMethodCodeHeapSize                   = 7602480                                {pd product} {ergonomic}
    uintx NonProfiledCodeHeapSize                  = 122027880                              {pd product} {ergonomic}
   size_t OldSize                                  = 70254592                                  {product} {ergonomic}
    uintx ProfiledCodeHeapSize                     = 122027880                              {pd product} {ergonomic}
    uintx ReservedCodeCacheSize                    = 251658240                              {pd product} {ergonomic}
     bool SegmentedCodeCache                       = true                                      {product} {ergonomic}
   size_t SoftMaxHeapSize                          = 2147483648                             {manageable} {ergonomic}
     bool UseCompressedOops                        = true                           {product lp64_product} {ergonomic}
     bool UseLargePagesIndividualAllocation        = false                                  {pd product} {ergonomic}
     bool UseParallelGC                            = true                                      {product} {command line}

Logging:
Log output configuration:
 #0: stdout all=off uptime,level,tags foldmultilines=false
 #1: stderr all=off uptime,level,tags foldmultilines=false

Release file:
JAVA_VERSION="21.0.12.1" 
MODULES="java.base java.compiler java.datatransfer java.xml java.prefs java.desktop java.instrument java.logging java.management java.security.sasl java.naming java.rmi java.management.rmi java.net.http java.scripting java.security.jgss java.transaction.xa java.sql java.sql.rowset java.xml.crypto java.se java.smartcardio jdk.accessibility jdk.internal.jvmstat jdk.attach jdk.charsets jdk.internal.opt jdk.zipfs jdk.compiler jdk.crypto.ec jdk.crypto.cryptoki jdk.crypto.mscapi jdk.dynalink jdk.internal.ed jdk.editpad jdk.hotspot.agent jdk.httpserver jdk.internal.le jdk.internal.vm.ci jdk.internal.vm.compiler jdk.internal.vm.compiler.management jdk.jartool jdk.javadoc jdk.jcmd jdk.management jdk.management.agent jdk.jconsole jdk.jdeps jdk.jdwp.agent jdk.jdi jdk.jfr jdk.jshell jdk.jsobject jdk.jstatd jdk.localedata jdk.management.jfr jdk.naming.dns jdk.naming.rmi jdk.net jdk.nio.mapmode jdk.random jdk.sctp jdk.security.auth jdk.security.jgss jdk.unsupported jdk.unsupported.desktop jdk.xml.dom" 

Environment Variables:
PATH=C:\Program Files\Eclipse Adoptium\jdk-17.0.20.101-hotspot\bin;C:\ProgramData\Oracle\Java\javapath;C:\WINDOWS\system32;C:\WINDOWS;C:\WINDOWS\System32\Wbem;C:\WINDOWS\System32\WindowsPowerShell\v1.0\;C:\WINDOWS\System32\OpenSSH\;C:\Program Files (x86)\NVIDIA Corporation\PhysX\Common;C:\Program Files (x86)\Microsoft SQL Server\160\Tools\Binn\;C:\Program Files\Microsoft SQL Server\160\Tools\Binn\;C:\Program Files\Microsoft SQL Server\Client SDK\ODBC\170\Tools\Binn\;C:\Program Files\Microsoft SQL Server\160\DTS\Binn\;C:\Program Files (x86)\Microsoft SQL Server\150\Tools\Binn\;C:\Program Files\Microsoft SQL Server\150\Tools\Binn\;C:\Program Files\Microsoft SQL Server\150\DTS\Binn\;C:\Program Files\Microsoft SQL Server\170\Tools\Binn\;C:\Program Files\dotnet\;C:\Program Files\Cloudflare\Cloudflare WARP\;D:\game\Git\cmd;C:\Program Files (x86)\Microsoft SQL Server\160\DTS\Binn\;C:\Program Files\nodejs\;C:\Users\Admin\AppData\Local\Microsoft\WindowsApps;D:\Users\Admin\AppData\Local\Programs\Microsoft VS Code\bin;C:\Users\Admin\AppData\Local\GitHubDesktop\bin;C:\Users\Admin\.dotnet\tools;C:\Users\Admin\AppData\Roaming\npm
USERNAME=Admin
OS=Windows_NT
PROCESSOR_IDENTIFIER=AMD64 Family 25 Model 80 Stepping 0, AuthenticAMD
TMP=C:\Users\Admin\AppData\Local\Temp
TEMP=C:\Users\Admin\AppData\Local\Temp




Periodic native trim disabled

---------------  S Y S T E M  ---------------

OS:
 Windows 11 , 64 bit Build 26100 (10.0.26100.9444)
OS uptime: 0 days 8:18 hours

CPU: total 16 (initial active 16) (16 cores per cpu, 2 threads per core) family 25 model 80 stepping 0 microcode 0xa50000f, cx8, cmov, fxsr, ht, mmx, 3dnowpref, sse, sse2, sse3, ssse3, sse4a, sse4.1, sse4.2, popcnt, lzcnt, tsc, tscinvbit, avx, avx2, aes, erms, clmul, bmi1, bmi2, adx, sha, fma, vzeroupper, clflush, clflushopt, rdtscp, rdpid, fsrm, f16c, pku, cet_ss
Processor Information for the first 16 processors :
  Max Mhz: 3201, Current Mhz: 3201, Mhz Limit: 3201

Memory: 4k page, system-wide physical 15713M (3174M free)
TotalPageFile size 15713M (AvailPageFile size 31M)
current process WorkingSet (physical memory assigned to process): 1443M, peak: 1447M
current process commit charge ("private bytes"): 1396M, peak: 1400M

vm_info: OpenJDK 64-Bit Server VM (21.0.12.1+1-LTS) for windows-amd64 JRE (21.0.12.1+1-LTS), built on 2026-08-18T00:00:00Z by "admin" with MS VC++ 17.12 (VS2022)

END.
